07/29/2022 14:56:55 - WARNING - __main__ -   Process rank: -1, device: cuda, n_gpu: 1, distributed training: False, 16-bits training: False
07/29/2022 14:56:55 - INFO - transformers.configuration_utils -   loading configuration file https://s3.amazonaws.com/models.huggingface.co/bert/microsoft/codebert-base/config.json from cache at /home/chen136/.cache/torch/transformers/1b62771d5f5169b34713b0af1ab85d80e11f7b1812fbf3ee7d03a866c5f58e72.06eb31f0a63f4e8a136733ccac422f0abf9ffa87c3e61104b57e7075a704d008
07/29/2022 14:56:55 - INFO - transformers.configuration_utils -   Model config RobertaConfig {
  "architectures": [
    "RobertaModel"
  ],
  "attention_probs_dropout_prob": 0.1,
  "bos_token_id": 0,
  "do_sample": false,
  "eos_token_id": 2,
  "eos_token_ids": 0,
  "finetuning_task": null,
  "hidden_act": "gelu",
  "hidden_dropout_prob": 0.1,
  "hidden_size": 768,
  "id2label": {
    "0": "LABEL_0",
    "1": "LABEL_1"
  },
  "initializer_range": 0.02,
  "intermediate_size": 3072,
  "is_decoder": false,
  "label2id": {
    "LABEL_0": 0,
    "LABEL_1": 1
  },
  "layer_norm_eps": 1e-05,
  "length_penalty": 1.0,
  "max_length": 20,
  "max_position_embeddings": 514,
  "model_type": "roberta",
  "num_attention_heads": 12,
  "num_beams": 1,
  "num_hidden_layers": 12,
  "num_labels": 2,
  "num_return_sequences": 1,
  "output_attentions": false,
  "output_hidden_states": false,
  "output_past": true,
  "pad_token_id": 1,
  "pruned_heads": {},
  "repetition_penalty": 1.0,
  "temperature": 1.0,
  "top_k": 50,
  "top_p": 1.0,
  "torchscript": false,
  "type_vocab_size": 1,
  "use_bfloat16": false,
  "vocab_size": 50265
}

07/29/2022 14:56:55 - INFO - transformers.tokenization_utils -   loading file https://s3.amazonaws.com/models.huggingface.co/bert/roberta-base-vocab.json from cache at /home/chen136/.cache/torch/transformers/d0c5776499adc1ded22493fae699da0971c1ee4c2587111707a4d177d20257a2.ef00af9e673c7160b4d41cfda1f48c5f4cba57d5142754525572a846a1ab1b9b
07/29/2022 14:56:55 - INFO - transformers.tokenization_utils -   loading file https://s3.amazonaws.com/models.huggingface.co/bert/roberta-base-merges.txt from cache at /home/chen136/.cache/torch/transformers/b35e7cd126cd4229a746b5d5c29a749e8e84438b14bcdb575950584fe33207e8.70bec105b4158ed9a1747fea67a43f5dee97855c64d62b6ec3742f4cfdb5feda
07/29/2022 14:56:56 - INFO - transformers.modeling_utils -   loading weights file https://s3.amazonaws.com/models.huggingface.co/bert/microsoft/codebert-base/pytorch_model.bin from cache at /home/chen136/.cache/torch/transformers/3416309b564f60f87c1bc2ce8d8a82bb7c1e825b241c816482f750b48a5cdc26.96251fe4478bac0cff9de8ae3201e5847cee59aebbcafdfe6b2c361f9398b349
07/29/2022 14:56:59 - INFO - __main__ -   Training/evaluation parameters Namespace(adam_epsilon=1e-08, block_size=400, cache_dir='', config_name='microsoft/codebert-base', device=device(type='cuda'), do_eval=False, do_lower_case=False, do_test=True, do_train=False, epoch=2, eval_all_checkpoints=False, eval_batch_size=32, eval_data_file=None, evaluate_during_training=True, fp16=False, fp16_opt_level='O1', gradient_accumulation_steps=1, learning_rate=5e-05, local_rank=-1, logging_steps=50, max_grad_norm=1.0, max_steps=-1, mlm=False, mlm_probability=0.15, model_name_or_path='microsoft/codebert-base', model_type='roberta', n_gpu=1, no_cuda=False, num_train_epochs=1.0, output_dir='./saved_models', overwrite_cache=False, overwrite_output_dir=False, per_gpu_eval_batch_size=32, per_gpu_train_batch_size=16, save_steps=50, save_total_limit=None, seed=123456, server_ip='', server_port='', start_epoch=0, start_step=0, test_data_file='./dataset/test.txt', tokenizer_name='roberta-base', train_batch_size=16, train_data_file='./dataset/train.txt', warmup_steps=0, weight_decay=0.0)
Traceback (most recent call last):
  File "run.py", line 646, in <module>
    main()
  File "run.py", line 638, in main
    model.load_state_dict(torch.load(output_dir))
  File "/home/chen136/clone/lib/python3.6/site-packages/torch/nn/modules/module.py", line 830, in load_state_dict
    self.__class__.__name__, "\n\t".join(error_msgs)))
RuntimeError: Error(s) in loading state_dict for Model:
	size mismatch for classifier.out_proj.weight: copying a param with shape torch.Size([2, 768]) from checkpoint, the shape in current model is torch.Size([1, 768]).
	size mismatch for classifier.out_proj.bias: copying a param with shape torch.Size([2]) from checkpoint, the shape in current model is torch.Size([1]).
